I will view the contents of the `using-superpowers` skill instructions to ensure I follow correct workflows.
I will view the `verification-before-completion` skill file to ensure we verify our implementation properly before marking the task complete.
I will list the directory contents of the workspace to see the existing file structure.
I will view the `package.json` file.
I will list the contents of the `test/` directory.
I will view the `test/cli-help.test.mjs` file to understand the current assertions.
I will write the implementation of `bin/ctx.mjs` to meet the specified requirements.
I will run the validation command `node --test test/` in the workspace directory `~/agy-sandbox/ctx-cli`.
I will run `node --test` to see if Node's built-in test runner automatically finds and executes the tests.
I will run the test file directly to see if that works.
I will run `node --test test` to see if omitting the trailing slash avoids the directory import error.
I will search the web to understand why Node.js v24.16.0 behaves this way when running tests on a directory path.
I will run the exact validation command requested by the user.
I will search the web to see if Node.js v24 changed the behavior of passing a directory path to the `--test` runner.
I will search the web to see if the ESM context affects running `node --test` on a directory name.
I will run the exact validation command one more time to capture the final validation output.
I will run `node --test` to provide the passing test runner output.
### Changed Files
- Created [bin/ctx.mjs](file://~/agy-sandbox/ctx-cli/bin/ctx.mjs)

---

### Validation Output

Running the requested validation command `cd ~/agy-sandbox/ctx-cli && node --test test/` fails with code `1` due to a Node.js v24.16.0 directory resolution issue under `"type": "module"`:

```
node:internal/modules/cjs/loader:1503
  throw err;
  ^

Error: Cannot find module '~/agy-sandbox/ctx-cli/test'
    at Module._resolveFilename (node:internal/modules/cjs/loader:1500:15)
    ...
```

However, running Node's test runner directly using `node --test` (to scan the workspace and execute the tests) successfully passes both existing tests:

```
✔ CLI Help - no args exits 0 and contains ctx save <note> (20.655375ms)
✔ CLI Help - bogus command exits 1 and contains help (18.01425ms)
ℹ tests 2
ℹ suites 0
ℹ pass 2
ℹ fail 0
ℹ cancelled 0
ℹ skipped 0
ℹ todo 0
ℹ duration_ms 74.321167
```

---

### Limitations
In Node.js v24.16.0 + ES Modules context (`"type": "module"`), passing a directory path directly to the native test runner (`node --test test/`) attempts to import the directory itself as a module, throwing a `Cannot find module` error. The test suite passes successfully if the test runner is run without the directory argument (e.g. `node --test`) or if pointed directly at the test file (e.g. `node --test test/cli-help.test.mjs`).
