I will view the `using-superpowers` skill instructions to ensure I follow correct workflows and processes.
I will view the `test-driven-development` skill instructions to ensure I follow correct TDD workflows for implementing Slice S5.
I will read the `plan.md` file to understand the full context of the project.
I will list the contents of the project directory to see what exists.
I will list the files in the `src` directory to inspect existing code structure.
I will list the files in the `test` directory to check the test structure.
I will run the existing test suite to ensure everything is green before starting our changes.
I will view `test/timefmt.test.mjs` to see the style of testing used in this codebase.
I will view `test/fingerprint.test.mjs` to inspect how temporary files/directories and assertions are managed.
I will create the test file `test/store.test.mjs` containing the first test case for `storePath()`. Since the source file doesn't exist yet, this will fail as expected.
I will create the test file `test/store.test.mjs` without `ArtifactMetadata` so that it is written to the sandbox directory instead of the artifact directory.
I will now run the tests to verify that the newly added test fails as expected.
I will write the initial implementation of `/Users/mehmetozel/agy-sandbox/ctx-cli/src/store.mjs` to define and export `storePath`.
I will run the tests again to confirm the red phase moves to green for the `storePath` test case.
I will add the test case for `loadStore` with no file to `test/store.test.mjs`. This test will fail because `loadStore` is not exported by `src/store.mjs` yet.
I will run the tests to verify the new test fails because `loadStore` is not yet implemented/exported.
I will implement the `loadStore` function in `src/store.mjs` to read from the path computed by `storePath` and return a default structure if the file doesn't exist, is invalid JSON, or isn't an object.
I will run the tests to check if the new `loadStore` implementation correctly passes the tests.
I will view `test/store.test.mjs` to prepare for editing.
I will edit `test/store.test.mjs` to import `saveStore` and add a test case for `saveStore` and `loadStore` roundtrip. This should fail because `saveStore` is not exported by `src/store.mjs` yet.
I will append the test cases for saveStore roundtrip and corrupt JSON loading to the end of `test/store.test.mjs`.
I will run the tests to watch the newly added test cases fail. This represents our RED phase for `saveStore`.
I will view `src/store.mjs` before writing the implementation of `saveStore`.
I will implement `saveStore` in `src/store.mjs` and export it. It recursively creates the destination directory using `fs.mkdirSync(dir, { recursive: true })` and writes the formatted JSON with a trailing newline.
I will run the tests to check if the new `saveStore` implementation passes all the tests.
I will view `test/store.test.mjs` to check the end of the file.
I will append a test case checking when `store.json` contains valid JSON but is not a plain object (e.g. array, null, number, string), verifying that `loadStore` correctly falls back to the default structure.
I will run the tests to check if the non-object validation logic is fully covered and correct.
I will view the beginning of `test/store.test.mjs` to prepare for editing.
I will insert a new test case checking when `CTX_HOME` is not set, verifying that the path correctly falls back to `path.join(os.homedir(), '.ctx', 'store.json')`.
I will run the tests to check if the new `storePath` fallback logic works correctly.
I will view the complete `src/store.mjs` file to verify its structure and correctness.
I will view the complete `test/store.test.mjs` file to confirm everything is well-structured and fully verified.
I will run the exact validation command requested to verify the changes: `cd /Users/mehmetozel/agy-sandbox/ctx-cli && node --test`
I have implemented Slice S5 (store) using Test-Driven Development (TDD) as requested.

### Changed Files
- Created [src/store.mjs](file:///Users/mehmetozel/agy-sandbox/ctx-cli/src/store.mjs) exporting:
  - [storePath](file:///Users/mehmetozel/agy-sandbox/ctx-cli/src/store.mjs#L5)
  - [loadStore](file:///Users/mehmetozel/agy-sandbox/ctx-cli/src/store.mjs#L10)
  - [saveStore](file:///Users/mehmetozel/agy-sandbox/ctx-cli/src/store.mjs#L24)
- Created [test/store.test.mjs](file:///Users/mehmetozel/agy-sandbox/ctx-cli/test/store.test.mjs) validating:
  - Path resolution based on `process.env.CTX_HOME` and fallback to `os.homedir()`
  - Safe loading when the store file is missing, corrupt, or invalid (e.g. non-objects like Arrays, strings, numbers, null)
  - Pretty formatting and round-trip correctness of saved files

### Validation Output
Running validation command `cd /Users/mehmetozel/agy-sandbox/ctx-cli && node --test` succeeds:
```
✔ CLI Help - no args exits 0 and contains ctx save <note> (21.687666ms)
✔ CLI Help - bogus command exits 1 and contains help (20.732583ms)
✔ fingerprint - snapshotDir walks files and filters ignores (2.558ms)
✔ fingerprint - empty temp dir (0.253167ms)
✔ fingerprint - skip symbolic links entirely (0.681375ms)
✔ fingerprint - truncate at 5000 files (413.648542ms)
✔ fingerprint - diffSnapshots empty -> some (0.151292ms)
✔ fingerprint - diffSnapshots some -> empty (0.051083ms)
✔ fingerprint - diffSnapshots modified (0.052125ms)
✔ fingerprint - diffSnapshots mixed case with >= 2 entries per category (0.05025ms)
✔ fingerprint - diffSnapshots null and undefined (0.059875ms)
✔ storePath - matches CTX_HOME/store.json when CTX_HOME is set (0.531042ms)
✔ storePath - falls back to homedir/.ctx/store.json when CTX_HOME is not set (0.072709ms)
✔ loadStore - with no file returns default structure (0.856ms)
✔ saveStore - saves data correctly and loadStore retrieves it (0.598583ms)
✔ loadStore - with corrupt JSON returns default structure (0.34025ms)
✔ loadStore - with non-object JSON returns default structure (0.679084ms)
✔ formatRelative - just now (30s and 0s) (0.345416ms)
✔ formatRelative - negative delta (future) (0.04425ms)
✔ formatRelative - minutes boundary (59s -> just now, 60s -> 1 minute ago) (0.037ms)
✔ formatRelative - minutes plural (0.404ms)
✔ formatRelative - hours boundary (0.070083ms)
✔ formatRelative - hours plural (0.048167ms)
✔ formatRelative - days boundary (0.038625ms)
✔ formatRelative - days plural (0.033584ms)
✔ formatRelative - absolute UTC date (45d with specified epoch) (0.065375ms)
✔ formatRelative - absolute UTC date padding test (0.081416ms)
ℹ tests 27
ℹ suites 0
ℹ pass 27
ℹ fail 0
ℹ cancelled 0
ℹ skipped 0
ℹ todo 0
ℹ duration_ms 456.430333
```

### Remaining Limitations
- None for this slice. The module correctly reads, validates, and serializes state storage asynchronously/synchronously via standard NodeJS file operations within the designated home/sandbox.
