I have successfully implemented Slice S4 (fingerprint diff) and verified all requirements and tests pass.

### Changed Files
- [src/fingerprint.mjs](file:///Users/mehmetozel/agy-sandbox/ctx-cli/src/fingerprint.mjs)
- [test/fingerprint.test.mjs](file:///Users/mehmetozel/agy-sandbox/ctx-cli/test/fingerprint.test.mjs)

### Validation Output
Running validation tests:
```bash
cd /Users/mehmetozel/agy-sandbox/ctx-cli && node --test
```
Result:
```
✔ CLI Help - no args exits 0 and contains ctx save <note> (23.910875ms)
✔ CLI Help - bogus command exits 1 and contains help (21.19275ms)
✔ fingerprint - snapshotDir walks files and filters ignores (2.529375ms)
✔ fingerprint - empty temp dir (0.224041ms)
✔ fingerprint - skip symbolic links entirely (0.6345ms)
✔ fingerprint - truncate at 5000 files (421.202084ms)
✔ fingerprint - diffSnapshots empty -> some (0.158792ms)
✔ fingerprint - diffSnapshots some -> empty (0.049584ms)
✔ fingerprint - diffSnapshots modified (0.045375ms)
✔ fingerprint - diffSnapshots mixed case with >= 2 entries per category (0.049125ms)
✔ fingerprint - diffSnapshots null and undefined (0.059125ms)
✔ formatRelative - just now (30s and 0s) (0.480583ms)
✔ formatRelative - negative delta (future) (0.056708ms)
✔ formatRelative - minutes boundary (59s -> just now, 60s -> 1 minute ago) (0.04325ms)
✔ formatRelative - minutes plural (0.424666ms)
✔ formatRelative - hours boundary (0.044625ms)
✔ formatRelative - hours plural (0.03625ms)
✔ formatRelative - days boundary (0.033375ms)
✔ formatRelative - days plural (0.029917ms)
✔ formatRelative - absolute UTC date (45d with specified epoch) (0.064166ms)
✔ formatRelative - absolute UTC date padding test (0.07975ms)
ℹ tests 21
ℹ suites 0
ℹ pass 21
ℹ fail 0
ℹ cancelled 0
ℹ skipped 0
ℹ todo 0
ℹ duration_ms 465.654542
```

### Remaining Limitations
- There are no known limitations for this slice. The pure function `diffSnapshots` correctly calculates differences between snapshots (added, removed, modified) in alphabetical order, and correctly defaults missing, null, or undefined parameters to empty objects.
